          15          24           3           8          60          24           0
           7           8           7          19          18
           7           7          16          18          17
           6          16          24          17          23
           3          24           6          23          11
           3           6           5          11          10
           5          19          18          15          14
           5          18          17          14          22
           6          17          23          22          21
           2          23          11          21          13
           2          11          10          13          12
           4          15          14           4           3
           4          14          22           3          20
           1          22          21          20           2
           1          21          13           2           9
           0          13          12           9           1
