         512         576           9         512        4096         576           0
         406         432         431         336         327         430         429         335         328
         407         431         428         327         332         429         427         328         331
         414         428         426         332         329         427         425         331         330
         415         426         424         329         334         425         423         330         333
         390         424         422         334         321         423         421         333         322
         391         422         420         321         326         421         419         322         325
         398         420         418         326         323         419         417         325         324
         399         418         432         323         336         417         430         324         335
         404         336         327         368         367         335         328         366         365
         405         327         332         367         364         328         331         365         363
         412         332         329         364         362         331         330         363         361
         413         329         334         362         360         330         333         361         359
         388         334         321         360         358         333         322         359         357
         389         321         326         358         356         322         325         357         355
         396         326         323         356         354         325         324         355         353
         397         323         336         354         368         324         335         353         366
         438         368         367         352         343         366         365         351         344
         439         367         364         343         348         365         363         344         347
         446         364         362         348         345         363         361         347         346
         447         362         360         345         350         361         359         346         349
         422         360         358         350         337         359         357         349         338
         423         358         356         337         342         357         355         338         341
         430         356         354         342         339         355         353         341         340
         431         354         368         339         352         353         366         340         351
         436         352         343         448         447         351         344         446         445
         437         343         348         447         444         344         347         445         443
         444         348         345         444         442         347         346         443         441
         445         345         350         442         440         346         349         441         439
         420         350         337         440         438         349         338         439         437
         421         337         342         438         436         338         341         437         435
         428         342         339         436         434         341         340         435         433
         429         339         352         434         448         340         351         433         446
         470         448         447         384         375         446         445         383         376
         471         447         444         375         380         445         443         376         379
         478         444         442         380         377         443         441         379         378
         479         442         440         377         382         441         439         378         381
         454         440         438         382         369         439         437         381         370
         455         438         436         369         374         437         435         370         373
         462         436         434         374         371         435         433         373         372
         463         434         448         371         384         433         446         372         383
         468         384         375         416         415         383         376         414         413
         469         375         380         415         412         376         379         413         411
         476         380         377         412         410         379         378         411         409
         477         377         382         410         408         378         381         409         407
         452         382         369         408         406         381         370         407         405
         453         369         374         406         404         370         373         405         403
         460         374         371         404         402         373         372         403         401
         461         371         384         402         416         372         383         401         414
         502         416         415         400         391         414         413         399         392
         503         415         412         391         396         413         411         392         395
         510         412         410         396         393         411         409         395         394
         511         410         408         393         398         409         407         394         397
         486         408         406         398         385         407         405         397         386
         487         406         404         385         390         405         403         386         389
         494         404         402         390         387         403         401         389         388
         495         402         416         387         400         401         414         388         399
         500         400         391         432         431         399         392         430         429
         501         391         396         431         428         392         395         429         427
         508         396         393         428         426         395         394         427         425
         509         393         398         426         424         394         397         425         423
         484         398         385         424         422         397         386         423         421
         485         385         390         422         420         386         389         421         419
         492         390         387         420         418         389         388         419         417
         493         387         400         418         432         388         399         417         430
         402         430         429         335         328         512         511         510         509
         403         429         427         328         331         511         508         509         507
         410         427         425         331         330         508         506         507         505
         411         425         423         330         333         506         504         505         503
         386         423         421         333         322         504         502         503         501
         387         421         419         322         325         502         500         501         499
         394         419         417         325         324         500         498         499         497
         395         417         430         324         335         498         512         497         510
         400         335         328         366         365         510         509         496         495
         401         328         331         365         363         509         507         495         494
         408         331         330         363         361         507         505         494         493
         409         330         333         361         359         505         503         493         492
         384         333         322         359         357         503         501         492         491
         385         322         325         357         355         501         499         491         490
         392         325         324         355         353         499         497         490         489
         393         324         335         353         366         497         510         489         496
         434         366         365         351         344         496         495         488         487
         435         365         363         344         347         495         494         487         486
         442         363         361         347         346         494         493         486         485
         443         361         359         346         349         493         492         485         484
         418         359         357         349         338         492         491         484         483
         419         357         355         338         341         491         490         483         482
         426         355         353         341         340         490         489         482         481
         427         353         366         340         351         489         496         481         488
         432         351         344         446         445         488         487         480         479
         433         344         347         445         443         487         486         479         478
         440         347         346         443         441         486         485         478         477
         441         346         349         441         439         485         484         477         476
         416         349         338         439         437         484         483         476         475
         417         338         341         437         435         483         482         475         474
         424         341         340         435         433         482         481         474         473
         425         340         351         433         446         481         488         473         480
         466         446         445         383         376         480         479         472         471
         467         445         443         376         379         479         478         471         470
         474         443         441         379         378         478         477         470         469
         475         441         439         378         381         477         476         469         468
         450         439         437         381         370         476         475         468         467
         451         437         435         370         373         475         474         467         466
         458         435         433         373         372         474         473         466         465
         459         433         446         372         383         473         480         465         472
         464         383         376         414         413         472         471         464         463
         465         376         379         413         411         471         470         463         462
         472         379         378         411         409         470         469         462         461
         473         378         381         409         407         469         468         461         460
         448         381         370         407         405         468         467         460         459
         449         370         373         405         403         467         466         459         458
         456         373         372         403         401         466         465         458         457
         457         372         383         401         414         465         472         457         464
         498         414         413         399         392         464         463         456         455
         499         413         411         392         395         463         462         455         454
         506         411         409         395         394         462         461         454         453
         507         409         407         394         397         461         460         453         452
         482         407         405         397         386         460         459         452         451
         483         405         403         386         389         459         458         451         450
         490         403         401         389         388         458         457         450         449
         491         401         414         388         399         457         464         449         456
         496         399         392         430         429         456         455         512         511
         497         392         395         429         427         455         454         511         508
         504         395         394         427         425         454         453         508         506
         505         394         397         425         423         453         452         506         504
         480         397         386         423         421         452         451         504         502
         481         386         389         421         419         451         450         502         500
         488         389         388         419         417         450         449         500         498
         489         388         399         417         430         449         456         498         512
         278         512         511         510         509         312         311         264         260
         279         511         508         509         507         311         310         260         262
         286         508         506         507         505         310         309         262         261
         287         506         504         505         503         309         308         261         263
         262         504         502         503         501         308         307         263         257
         263         502         500         501         499         307         306         257         259
         270         500         498         499         497         306         305         259         258
         271         498         512         497         510         305         312         258         264
         276         510         509         496         495         264         260         280         279
         277         509         507         495         494         260         262         279         278
         284         507         505         494         493         262         261         278         277
         285         505         503         493         492         261         263         277         276
         260         503         501         492         491         263         257         276         275
         261         501         499         491         490         257         259         275         274
         268         499         497         490         489         259         258         274         273
         269         497         510         489         496         258         264         273         280
         310         496         495         488         487         280         279         272         268
         311         495         494         487         486         279         278         268         270
         318         494         493         486         485         278         277         270         269
         319         493         492         485         484         277         276         269         271
         294         492         491         484         483         276         275         271         265
         295         491         490         483         482         275         274         265         267
         302         490         489         482         481         274         273         267         266
         303         489         496         481         488         273         280         266         272
         308         488         487         480         479         272         268         320         319
         309         487         486         479         478         268         270         319         318
         316         486         485         478         477         270         269         318         317
         317         485         484         477         476         269         271         317         316
         292         484         483         476         475         271         265         316         315
         293         483         482         475         474         265         267         315         314
         300         482         481         474         473         267         266         314         313
         301         481         488         473         480         266         272         313         320
         342         480         479         472         471         320         319         288         284
         343         479         478         471         470         319         318         284         286
         350         478         477         470         469         318         317         286         285
         351         477         476         469         468         317         316         285         287
         326         476         475         468         467         316         315         287         281
         327         475         474         467         466         315         314         281         283
         334         474         473         466         465         314         313         283         282
         335         473         480         465         472         313         320         282         288
         340         472         471         464         463         288         284         304         303
         341         471         470         463         462         284         286         303         302
         348         470         469         462         461         286         285         302         301
         349         469         468         461         460         285         287         301         300
         324         468         467         460         459         287         281         300         299
         325         467         466         459         458         281         283         299         298
         332         466         465         458         457         283         282         298         297
         333         465         472         457         464         282         288         297         304
         374         464         463         456         455         304         303         296         292
         375         463         462         455         454         303         302         292         294
         382         462         461         454         453         302         301         294         293
         383         461         460         453         452         301         300         293         295
         358         460         459         452         451         300         299         295         289
         359         459         458         451         450         299         298         289         291
         366         458         457         450         449         298         297         291         290
         367         457         464         449         456         297         304         290         296
         372         456         455         512         511         296         292         312         311
         373         455         454         511         508         292         294         311         310
         380         454         453         508         506         294         293         310         309
         381         453         452         506         504         293         295         309         308
         356         452         451         504         502         295         289         308         307
         357         451         450         502         500         289         291         307         306
         364         450         449         500         498         291         290         306         305
         365         449         456         498         512         290         296         305         312
         274         312         311         264         260         576         575         574         573
         275         311         310         260         262         575         572         573         571
         282         310         309         262         261         572         570         571         569
         283         309         308         261         263         570         568         569         567
         258         308         307         263         257         568         566         567         565
         259         307         306         257         259         566         564         565         563
         266         306         305         259         258         564         562         563         561
         267         305         312         258         264         562         576         561         574
         272         264         260         280         279         574         573         560         559
         273         260         262         279         278         573         571         559         558
         280         262         261         278         277         571         569         558         557
         281         261         263         277         276         569         567         557         556
         256         263         257         276         275         567         565         556         555
         257         257         259         275         274         565         563         555         554
         264         259         258         274         273         563         561         554         553
         265         258         264         273         280         561         574         553         560
         306         280         279         272         268         560         559         552         551
         307         279         278         268         270         559         558         551         550
         314         278         277         270         269         558         557         550         549
         315         277         276         269         271         557         556         549         548
         290         276         275         271         265         556         555         548         547
         291         275         274         265         267         555         554         547         546
         298         274         273         267         266         554         553         546         545
         299         273         280         266         272         553         560         545         552
         304         272         268         320         319         552         551         544         543
         305         268         270         319         318         551         550         543         542
         312         270         269         318         317         550         549         542         541
         313         269         271         317         316         549         548         541         540
         288         271         265         316         315         548         547         540         539
         289         265         267         315         314         547         546         539         538
         296         267         266         314         313         546         545         538         537
         297         266         272         313         320         545         552         537         544
         338         320         319         288         284         544         543         536         535
         339         319         318         284         286         543         542         535         534
         346         318         317         286         285         542         541         534         533
         347         317         316         285         287         541         540         533         532
         322         316         315         287         281         540         539         532         531
         323         315         314         281         283         539         538         531         530
         330         314         313         283         282         538         537         530         529
         331         313         320         282         288         537         544         529         536
         336         288         284         304         303         536         535         528         527
         337         284         286         303         302         535         534         527         526
         344         286         285         302         301         534         533         526         525
         345         285         287         301         300         533         532         525         524
         320         287         281         300         299         532         531         524         523
         321         281         283         299         298         531         530         523         522
         328         283         282         298         297         530         529         522         521
         329         282         288         297         304         529         536         521         528
         370         304         303         296         292         528         527         520         519
         371         303         302         292         294         527         526         519         518
         378         302         301         294         293         526         525         518         517
         379         301         300         293         295         525         524         517         516
         354         300         299         295         289         524         523         516         515
         355         299         298         289         291         523         522         515         514
         362         298         297         291         290         522         521         514         513
         363         297         304         290         296         521         528         513         520
         368         296         292         312         311         520         519         576         575
         369         292         294         311         310         519         518         575         572
         376         294         293         310         309         518         517         572         570
         377         293         295         309         308         517         516         570         568
         352         295         289         308         307         516         515         568         566
         353         289         291         307         306         515         514         566         564
         360         291         290         306         305         514         513         564         562
         361         290         296         305         312         513         520         562         576
         150         576         575         574         573         184         183         136         132
         151         575         572         573         571         183         182         132         134
         158         572         570         571         569         182         181         134         133
         159         570         568         569         567         181         180         133         135
         134         568         566         567         565         180         179         135         129
         135         566         564         565         563         179         178         129         131
         142         564         562         563         561         178         177         131         130
         143         562         576         561         574         177         184         130         136
         148         574         573         560         559         136         132         152         151
         149         573         571         559         558         132         134         151         150
         156         571         569         558         557         134         133         150         149
         157         569         567         557         556         133         135         149         148
         132         567         565         556         555         135         129         148         147
         133         565         563         555         554         129         131         147         146
         140         563         561         554         553         131         130         146         145
         141         561         574         553         560         130         136         145         152
         182         560         559         552         551         152         151         144         140
         183         559         558         551         550         151         150         140         142
         190         558         557         550         549         150         149         142         141
         191         557         556         549         548         149         148         141         143
         166         556         555         548         547         148         147         143         137
         167         555         554         547         546         147         146         137         139
         174         554         553         546         545         146         145         139         138
         175         553         560         545         552         145         152         138         144
         180         552         551         544         543         144         140         192         191
         181         551         550         543         542         140         142         191         190
         188         550         549         542         541         142         141         190         189
         189         549         548         541         540         141         143         189         188
         164         548         547         540         539         143         137         188         187
         165         547         546         539         538         137         139         187         186
         172         546         545         538         537         139         138         186         185
         173         545         552         537         544         138         144         185         192
         214         544         543         536         535         192         191         160         156
         215         543         542         535         534         191         190         156         158
         222         542         541         534         533         190         189         158         157
         223         541         540         533         532         189         188         157         159
         198         540         539         532         531         188         187         159         153
         199         539         538         531         530         187         186         153         155
         206         538         537         530         529         186         185         155         154
         207         537         544         529         536         185         192         154         160
         212         536         535         528         527         160         156         176         175
         213         535         534         527         526         156         158         175         174
         220         534         533         526         525         158         157         174         173
         221         533         532         525         524         157         159         173         172
         196         532         531         524         523         159         153         172         171
         197         531         530         523         522         153         155         171         170
         204         530         529         522         521         155         154         170         169
         205         529         536         521         528         154         160         169         176
         246         528         527         520         519         176         175         168         164
         247         527         526         519         518         175         174         164         166
         254         526         525         518         517         174         173         166         165
         255         525         524         517         516         173         172         165         167
         230         524         523         516         515         172         171         167         161
         231         523         522         515         514         171         170         161         163
         238         522         521         514         513         170         169         163         162
         239         521         528         513         520         169         176         162         168
         244         520         519         576         575         168         164         184         183
         245         519         518         575         572         164         166         183         182
         252         518         517         572         570         166         165         182         181
         253         517         516         570         568         165         167         181         180
         228         516         515         568         566         167         161         180         179
         229         515         514         566         564         161         163         179         178
         236         514         513         564         562         163         162         178         177
         237         513         520         562         576         162         168         177         184
         146         184         183         136         132         256         255         254         253
         147         183         182         132         134         255         252         253         251
         154         182         181         134         133         252         250         251         249
         155         181         180         133         135         250         248         249         247
         130         180         179         135         129         248         246         247         245
         131         179         178         129         131         246         244         245         243
         138         178         177         131         130         244         242         243         241
         139         177         184         130         136         242         256         241         254
         144         136         132         152         151         254         253         240         239
         145         132         134         151         150         253         251         239         238
         152         134         133         150         149         251         249         238         237
         153         133         135         149         148         249         247         237         236
         128         135         129         148         147         247         245         236         235
         129         129         131         147         146         245         243         235         234
         136         131         130         146         145         243         241         234         233
         137         130         136         145         152         241         254         233         240
         178         152         151         144         140         240         239         232         231
         179         151         150         140         142         239         238         231         230
         186         150         149         142         141         238         237         230         229
         187         149         148         141         143         237         236         229         228
         162         148         147         143         137         236         235         228         227
         163         147         146         137         139         235         234         227         226
         170         146         145         139         138         234         233         226         225
         171         145         152         138         144         233         240         225         232
         176         144         140         192         191         232         231         224         223
         177         140         142         191         190         231         230         223         222
         184         142         141         190         189         230         229         222         221
         185         141         143         189         188         229         228         221         220
         160         143         137         188         187         228         227         220         219
         161         137         139         187         186         227         226         219         218
         168         139         138         186         185         226         225         218         217
         169         138         144         185         192         225         232         217         224
         210         192         191         160         156         224         223         216         215
         211         191         190         156         158         223         222         215         214
         218         190         189         158         157         222         221         214         213
         219         189         188         157         159         221         220         213         212
         194         188         187         159         153         220         219         212         211
         195         187         186         153         155         219         218         211         210
         202         186         185         155         154         218         217         210         209
         203         185         192         154         160         217         224         209         216
         208         160         156         176         175         216         215         208         207
         209         156         158         175         174         215         214         207         206
         216         158         157         174         173         214         213         206         205
         217         157         159         173         172         213         212         205         204
         192         159         153         172         171         212         211         204         203
         193         153         155         171         170         211         210         203         202
         200         155         154         170         169         210         209         202         201
         201         154         160         169         176         209         216         201         208
         242         176         175         168         164         208         207         200         199
         243         175         174         164         166         207         206         199         198
         250         174         173         166         165         206         205         198         197
         251         173         172         165         167         205         204         197         196
         226         172         171         167         161         204         203         196         195
         227         171         170         161         163         203         202         195         194
         234         170         169         163         162         202         201         194         193
         235         169         176         162         168         201         208         193         200
         240         168         164         184         183         200         199         256         255
         241         164         166         183         182         199         198         255         252
         248         166         165         182         181         198         197         252         250
         249         165         167         181         180         197         196         250         248
         224         167         161         180         179         196         195         248         246
         225         161         163         179         178         195         194         246         244
         232         163         162         178         177         194         193         244         242
         233         162         168         177         184         193         200         242         256
          22         256         255         254         253         120         119          16           8
          23         255         252         253         251         119         118           8          12
          30         252         250         251         249         118         117          12          10
          31         250         248         249         247         117         116          10          15
           6         248         246         247         245         116         115          15           2
           7         246         244         245         243         115         114           2           6
          14         244         242         243         241         114         113           6           4
          15         242         256         241         254         113         120           4          16
          20         254         253         240         239          16           8          48          47
          21         253         251         239         238           8          12          47          46
          28         251         249         238         237          12          10          46          45
          29         249         247         237         236          10          15          45          44
           4         247         245         236         235          15           2          44          43
           5         245         243         235         234           2           6          43          42
          12         243         241         234         233           6           4          42          41
          13         241         254         233         240           4          16          41          48
          54         240         239         232         231          48          47          32          24
          55         239         238         231         230          47          46          24          28
          62         238         237         230         229          46          45          28          26
          63         237         236         229         228          45          44          26          31
          38         236         235         228         227          44          43          31          18
          39         235         234         227         226          43          42          18          22
          46         234         233         226         225          42          41          22          20
          47         233         240         225         232          41          48          20          32
          52         232         231         224         223          32          24         128         127
          53         231         230         223         222          24          28         127         126
          60         230         229         222         221          28          26         126         125
          61         229         228         221         220          26          31         125         124
          36         228         227         220         219          31          18         124         123
          37         227         226         219         218          18          22         123         122
          44         226         225         218         217          22          20         122         121
          45         225         232         217         224          20          32         121         128
          86         224         223         216         215         128         127          64          56
          87         223         222         215         214         127         126          56          60
          94         222         221         214         213         126         125          60          58
          95         221         220         213         212         125         124          58          63
          70         220         219         212         211         124         123          63          50
          71         219         218         211         210         123         122          50          54
          78         218         217         210         209         122         121          54          52
          79         217         224         209         216         121         128          52          64
          84         216         215         208         207          64          56          96          95
          85         215         214         207         206          56          60          95          94
          92         214         213         206         205          60          58          94          93
          93         213         212         205         204          58          63          93          92
          68         212         211         204         203          63          50          92          91
          69         211         210         203         202          50          54          91          90
          76         210         209         202         201          54          52          90          89
          77         209         216         201         208          52          64          89          96
         118         208         207         200         199          96          95          80          72
         119         207         206         199         198          95          94          72          76
         126         206         205         198         197          94          93          76          74
         127         205         204         197         196          93          92          74          79
         102         204         203         196         195          92          91          79          66
         103         203         202         195         194          91          90          66          70
         110         202         201         194         193          90          89          70          68
         111         201         208         193         200          89          96          68          80
         116         200         199         256         255          80          72         120         119
         117         199         198         255         252          72          76         119         118
         124         198         197         252         250          76          74         118         117
         125         197         196         250         248          74          79         117         116
         100         196         195         248         246          79          66         116         115
         101         195         194         246         244          66          70         115         114
         108         194         193         244         242          70          68         114         113
         109         193         200         242         256          68          80         113         120
          18         120         119          16           8         104         103          14           7
          19         119         118           8          12         103         102           7          11
          26         118         117          12          10         102         101          11           9
          27         117         116          10          15         101         100           9          13
           2         116         115          15           2         100          99          13           1
           3         115         114           2           6          99          98           1           5
          10         114         113           6           4          98          97           5           3
          11         113         120           4          16          97         104           3          14
          16          16           8          48          47          14           7          40          39
          17           8          12          47          46           7          11          39          38
          24          12          10          46          45          11           9          38          37
          25          10          15          45          44           9          13          37          36
           0          15           2          44          43          13           1          36          35
           1           2           6          43          42           1           5          35          34
           8           6           4          42          41           5           3          34          33
           9           4          16          41          48           3          14          33          40
          50          48          47          32          24          40          39          30          23
          51          47          46          24          28          39          38          23          27
          58          46          45          28          26          38          37          27          25
          59          45          44          26          31          37          36          25          29
          34          44          43          31          18          36          35          29          17
          35          43          42          18          22          35          34          17          21
          42          42          41          22          20          34          33          21          19
          43          41          48          20          32          33          40          19          30
          48          32          24         128         127          30          23         112         111
          49          24          28         127         126          23          27         111         110
          56          28          26         126         125          27          25         110         109
          57          26          31         125         124          25          29         109         108
          32          31          18         124         123          29          17         108         107
          33          18          22         123         122          17          21         107         106
          40          22          20         122         121          21          19         106         105
          41          20          32         121         128          19          30         105         112
          82         128         127          64          56         112         111          62          55
          83         127         126          56          60         111         110          55          59
          90         126         125          60          58         110         109          59          57
          91         125         124          58          63         109         108          57          61
          66         124         123          63          50         108         107          61          49
          67         123         122          50          54         107         106          49          53
          74         122         121          54          52         106         105          53          51
          75         121         128          52          64         105         112          51          62
          80          64          56          96          95          62          55          88          87
          81          56          60          95          94          55          59          87          86
          88          60          58          94          93          59          57          86          85
          89          58          63          93          92          57          61          85          84
          64          63          50          92          91          61          49          84          83
          65          50          54          91          90          49          53          83          82
          72          54          52          90          89          53          51          82          81
          73          52          64          89          96          51          62          81          88
         114          96          95          80          72          88          87          78          71
         115          95          94          72          76          87          86          71          75
         122          94          93          76          74          86          85          75          73
         123          93          92          74          79          85          84          73          77
          98          92          91          79          66          84          83          77          65
          99          91          90          66          70          83          82          65          69
         106          90          89          70          68          82          81          69          67
         107          89          96          68          80          81          88          67          78
         112          80          72         120         119          78          71         104         103
         113          72          76         119         118          71          75         103         102
         120          76          74         118         117          75          73         102         101
         121          74          79         117         116          73          77         101         100
          96          79          66         116         115          77          65         100          99
          97          66          70         115         114          65          69          99          98
         104          70          68         114         113          69          67          98          97
         105          68          80         113         120          67          78          97         104
